0 verbose cli F:\NodeJS\node.exe C:\Users\indud\AppData\Roaming\npm\node_modules\npm\bin\npm-cli.js
1 info using npm@11.12.1
2 info using node@v24.14.1
3 silly config load:file:C:\Users\indud\AppData\Roaming\npm\node_modules\npm\npmrc
4 silly config load:file:E:\Masters_Project\dsarp-transformer-refactoring\frontend\.npmrc
5 silly config load:file:C:\Users\indud\.npmrc
6 silly config load:file:C:\Users\indud\AppData\Roaming\npm\etc\npmrc
7 verbose title npm install
8 verbose argv "install" "--cache" "..\\.npm-cache" "--no-audit" "--no-fund"
9 verbose logfile logs-max:10 dir:E:\Masters_Project\dsarp-transformer-refactoring\.npm-cache\_logs\2026-07-06T20_54_16_859Z-
10 verbose logfile E:\Masters_Project\dsarp-transformer-refactoring\.npm-cache\_logs\2026-07-06T20_54_16_859Z-debug-0.log
11 silly logfile done cleaning log files
12 silly packumentCache heap:4496293888 maxSize:1124073472 maxEntrySize:562036736
13 silly idealTree buildDeps
14 silly reify mark retired [
14 silly reify   'E:\\Masters_Project\\dsarp-transformer-refactoring\\frontend\\node_modules\\next'
14 silly reify ]
15 silly reify moves {
15 silly reify   'E:\\Masters_Project\\dsarp-transformer-refactoring\\frontend\\node_modules\\next': 'E:\\Masters_Project\\dsarp-transformer-refactoring\\frontend\\node_modules\\.next-TAFysdno'
15 silly reify }
